MASTER_ADDR: node5
MASTER_ADDR: node5
INIT DONE: node8 rank 3
>>> Starting ML Assignment 2 Pipeline (Part 2)...
>>> Starting Step 4: Evaluation on /scratch/chethan1/SSDS/llm_training/outputs/stage_0/checkpoints/2026-04-14/02-17-44...
Rank 3 evaluating: ['stage0_step40', 'stage0_step80']
DEBUG: Tokenizer loaded. Special tokens - pad: GPT2Tokenizer(name_or_path='/mnt/data/ds256_2026/as2/model_config', vocab_size=0, model_max_length=1000000000000000019884624838656, padding_side='right', truncation_side='right', special_tokens={'bos_token': '<|endoftext|>', 'eos_token': '<|endoftext|>', 'unk_token': '<|endoftext|>'}, added_tokens_decoder={
	0: AddedToken("<|endoftext|>", rstrip=False, lstrip=False, single_word=False, normalized=False, special=True),
})
MASTER_ADDR: node5
INIT DONE: node6.iisc.ac.in rank 1
>>> Starting ML Assignment 2 Pipeline (Part 2)...
>>> Starting Step 4: Evaluation on /scratch/chethan1/SSDS/llm_training/outputs/stage_0/checkpoints/2026-04-14/02-17-44...
Rank 1 evaluating: ['stage0_step20', 'stage0_step60']
DEBUG: Tokenizer loaded. Special tokens - pad: GPT2Tokenizer(name_or_path='/mnt/data/ds256_2026/as2/model_config', vocab_size=0, model_max_length=1000000000000000019884624838656, padding_side='right', truncation_side='right', special_tokens={'bos_token': '<|endoftext|>', 'eos_token': '<|endoftext|>', 'unk_token': '<|endoftext|>'}, added_tokens_decoder={
	0: AddedToken("<|endoftext|>", rstrip=False, lstrip=False, single_word=False, normalized=False, special=True),
})
MASTER_ADDR: node5
INIT DONE: node7 rank 2
>>> Starting ML Assignment 2 Pipeline (Part 2)...
>>> Starting Step 4: Evaluation on /scratch/chethan1/SSDS/llm_training/outputs/stage_0/checkpoints/2026-04-14/02-17-44...
Rank 2 evaluating: ['stage0_step30', 'stage0_step70']
DEBUG: Tokenizer loaded. Special tokens - pad: GPT2Tokenizer(name_or_path='/mnt/data/ds256_2026/as2/model_config', vocab_size=0, model_max_length=1000000000000000019884624838656, padding_side='right', truncation_side='right', special_tokens={'bos_token': '<|endoftext|>', 'eos_token': '<|endoftext|>', 'unk_token': '<|endoftext|>'}, added_tokens_decoder={
	0: AddedToken("<|endoftext|>", rstrip=False, lstrip=False, single_word=False, normalized=False, special=True),
})
INIT DONE: node5.iisc.ac.in rank 0
>>> Starting ML Assignment 2 Pipeline (Part 2)...
>>> Starting Step 4: Evaluation on /scratch/chethan1/SSDS/llm_training/outputs/stage_0/checkpoints/2026-04-14/02-17-44...
Total checkpoints: 9
Rank 0 evaluating: ['stage0_step10', 'stage0_step50', 'stage0_step90']
DEBUG: Tokenizer loaded. Special tokens - pad: GPT2Tokenizer(name_or_path='/mnt/data/ds256_2026/as2/model_config', vocab_size=0, model_max_length=1000000000000000019884624838656, padding_side='right', truncation_side='right', special_tokens={'bos_token': '<|endoftext|>', 'eos_token': '<|endoftext|>', 'unk_token': '<|endoftext|>'}, added_tokens_decoder={
	0: AddedToken("<|endoftext|>", rstrip=False, lstrip=False, single_word=False, normalized=False, special=True),
})
[Rank 1] Evaluating checkpoint: stage0_step20
DEBUG: Loading checkpoint from /scratch/chethan1/SSDS/llm_training/outputs/stage_0/checkpoints/2026-04-14/02-17-44/stage0_step20 for evaluation...
DEBUG: Looking for model checkpoint at /scratch/chethan1/SSDS/llm_training/outputs/stage_0/checkpoints/2026-04-14/02-17-44/stage0_step20/mp_rank_00_model_states.pt...
[Rank 3] Evaluating checkpoint: stage0_step40
DEBUG: Loading checkpoint from /scratch/chethan1/SSDS/llm_training/outputs/stage_0/checkpoints/2026-04-14/02-17-44/stage0_step40 for evaluation...
DEBUG: Looking for model checkpoint at /scratch/chethan1/SSDS/llm_training/outputs/stage_0/checkpoints/2026-04-14/02-17-44/stage0_step40/mp_rank_00_model_states.pt...
DEBUG: Checkpoint loaded. Keys in checkpoint: ['module', 'buffer_names', 'optimizer', 'param_shapes', 'frozen_param_shapes', 'shared_params', 'frozen_param_fragments', 'lr_scheduler', 'data_sampler', 'random_ltd', 'sparse_tensor_module_names', 'skipped_steps', 'global_steps', 'global_samples', 'dp_world_size', 'mp_world_size', 'ds_config', 'ds_version', 'step']
[Rank 0] Evaluating checkpoint: stage0_step10
DEBUG: Loading checkpoint from /scratch/chethan1/SSDS/llm_training/outputs/stage_0/checkpoints/2026-04-14/02-17-44/stage0_step10 for evaluation...
DEBUG: Looking for model checkpoint at /scratch/chethan1/SSDS/llm_training/outputs/stage_0/checkpoints/2026-04-14/02-17-44/stage0_step10/mp_rank_00_model_states.pt...
[Rank 2] Evaluating checkpoint: stage0_step30
DEBUG: Loading checkpoint from /scratch/chethan1/SSDS/llm_training/outputs/stage_0/checkpoints/2026-04-14/02-17-44/stage0_step30 for evaluation...
DEBUG: Looking for model checkpoint at /scratch/chethan1/SSDS/llm_training/outputs/stage_0/checkpoints/2026-04-14/02-17-44/stage0_step30/mp_rank_00_model_states.pt...
DEBUG: Checkpoint loaded. Keys in checkpoint: ['module', 'buffer_names', 'optimizer', 'param_shapes', 'frozen_param_shapes', 'shared_params', 'frozen_param_fragments', 'lr_scheduler', 'data_sampler', 'random_ltd', 'sparse_tensor_module_names', 'skipped_steps', 'global_steps', 'global_samples', 'dp_world_size', 'mp_world_size', 'ds_config', 'ds_version', 'step']
DEBUG: Checkpoint loaded. Keys in checkpoint: ['module', 'buffer_names', 'optimizer', 'param_shapes', 'frozen_param_shapes', 'shared_params', 'frozen_param_fragments', 'lr_scheduler', 'data_sampler', 'random_ltd', 'sparse_tensor_module_names', 'skipped_steps', 'global_steps', 'global_samples', 'dp_world_size', 'mp_world_size', 'ds_config', 'ds_version', 'step']
DEBUG: Checkpoint loaded. Keys in checkpoint: ['module', 'buffer_names', 'optimizer', 'param_shapes', 'frozen_param_shapes', 'shared_params', 'frozen_param_fragments', 'lr_scheduler', 'data_sampler', 'random_ltd', 'sparse_tensor_module_names', 'skipped_steps', 'global_steps', 'global_samples', 'dp_world_size', 'mp_world_size', 'ds_config', 'ds_version', 'step']
DEBUG: Computing perplexity for checkpoint stage0_step20...
DEBUG: Computing perplexity for checkpoint stage0_step40...
DEBUG: Computing perplexity for checkpoint stage0_step10...
DEBUG: Computing perplexity for checkpoint stage0_step30...
DEBUG: Perplexity for checkpoint stage0_step20: 57887.68
DEBUG: Generating sample response for checkpoint stage0_step20...
DEBUG: Generated sample for checkpoint stage0_step20:
Error: Empty input_ids produced during tokenization.

[Rank 1] Evaluating checkpoint: stage0_step60
DEBUG: Loading checkpoint from /scratch/chethan1/SSDS/llm_training/outputs/stage_0/checkpoints/2026-04-14/02-17-44/stage0_step60 for evaluation...
DEBUG: Looking for model checkpoint at /scratch/chethan1/SSDS/llm_training/outputs/stage_0/checkpoints/2026-04-14/02-17-44/stage0_step60/mp_rank_00_model_states.pt...
DEBUG: Perplexity for checkpoint stage0_step10: 57924.25
DEBUG: Generating sample response for checkpoint stage0_step10...
DEBUG: Generated sample for checkpoint stage0_step10:
Error: Empty input_ids produced during tokenization.

DEBUG: Perplexity for checkpoint stage0_step40: 45375.25
DEBUG: Generating sample response for checkpoint stage0_step40...
DEBUG: Generated sample for checkpoint stage0_step40:
Error: Empty input_ids produced during tokenization.

[Rank 0] Evaluating checkpoint: stage0_step50
DEBUG: Loading checkpoint from /scratch/chethan1/SSDS/llm_training/outputs/stage_0/checkpoints/2026-04-14/02-17-44/stage0_step50 for evaluation...
DEBUG: Looking for model checkpoint at /scratch/chethan1/SSDS/llm_training/outputs/stage_0/checkpoints/2026-04-14/02-17-44/stage0_step50/mp_rank_00_model_states.pt...
[Rank 3] Evaluating checkpoint: stage0_step80
DEBUG: Loading checkpoint from /scratch/chethan1/SSDS/llm_training/outputs/stage_0/checkpoints/2026-04-14/02-17-44/stage0_step80 for evaluation...
DEBUG: Looking for model checkpoint at /scratch/chethan1/SSDS/llm_training/outputs/stage_0/checkpoints/2026-04-14/02-17-44/stage0_step80/mp_rank_00_model_states.pt...
DEBUG: Checkpoint loaded. Keys in checkpoint: ['module', 'buffer_names', 'optimizer', 'param_shapes', 'frozen_param_shapes', 'shared_params', 'frozen_param_fragments', 'lr_scheduler', 'data_sampler', 'random_ltd', 'sparse_tensor_module_names', 'skipped_steps', 'global_steps', 'global_samples', 'dp_world_size', 'mp_world_size', 'ds_config', 'ds_version', 'step']
DEBUG: Perplexity for checkpoint stage0_step30: 54915.56
DEBUG: Generating sample response for checkpoint stage0_step30...
DEBUG: Generated sample for checkpoint stage0_step30:
Error: Empty input_ids produced during tokenization.

[Rank 2] Evaluating checkpoint: stage0_step70
DEBUG: Loading checkpoint from /scratch/chethan1/SSDS/llm_training/outputs/stage_0/checkpoints/2026-04-14/02-17-44/stage0_step70 for evaluation...
DEBUG: Looking for model checkpoint at /scratch/chethan1/SSDS/llm_training/outputs/stage_0/checkpoints/2026-04-14/02-17-44/stage0_step70/mp_rank_00_model_states.pt...
DEBUG: Computing perplexity for checkpoint stage0_step50...
DEBUG: Checkpoint loaded. Keys in checkpoint: ['module', 'buffer_names', 'optimizer', 'param_shapes', 'frozen_param_shapes', 'shared_params', 'frozen_param_fragments', 'lr_scheduler', 'data_sampler', 'random_ltd', 'sparse_tensor_module_names', 'skipped_steps', 'global_steps', 'global_samples', 'dp_world_size', 'mp_world_size', 'ds_config', 'ds_version', 'step']
DEBUG: Computing perplexity for checkpoint stage0_step60...
DEBUG: Checkpoint loaded. Keys in checkpoint: ['module', 'buffer_names', 'optimizer', 'param_shapes', 'frozen_param_shapes', 'shared_params', 'frozen_param_fragments', 'lr_scheduler', 'data_sampler', 'random_ltd', 'sparse_tensor_module_names', 'skipped_steps', 'global_steps', 'global_samples', 'dp_world_size', 'mp_world_size', 'ds_config', 'ds_version', 'step']
DEBUG: Checkpoint loaded. Keys in checkpoint: ['module', 'buffer_names', 'optimizer', 'param_shapes', 'frozen_param_shapes', 'shared_params', 'frozen_param_fragments', 'lr_scheduler', 'data_sampler', 'random_ltd', 'sparse_tensor_module_names', 'skipped_steps', 'global_steps', 'global_samples', 'dp_world_size', 'mp_world_size', 'ds_config', 'ds_version', 'step']
DEBUG: Computing perplexity for checkpoint stage0_step80...
DEBUG: Computing perplexity for checkpoint stage0_step70...
DEBUG: Perplexity for checkpoint stage0_step50: 41330.89
DEBUG: Generating sample response for checkpoint stage0_step50...
DEBUG: Generated sample for checkpoint stage0_step50:
Error: Empty input_ids produced during tokenization.

[Rank 0] Evaluating checkpoint: stage0_step90
DEBUG: Loading checkpoint from /scratch/chethan1/SSDS/llm_training/outputs/stage_0/checkpoints/2026-04-14/02-17-44/stage0_step90 for evaluation...
DEBUG: Looking for model checkpoint at /scratch/chethan1/SSDS/llm_training/outputs/stage_0/checkpoints/2026-04-14/02-17-44/stage0_step90/mp_rank_00_model_states.pt...
DEBUG: Checkpoint loaded. Keys in checkpoint: ['module', 'buffer_names', 'optimizer', 'param_shapes', 'frozen_param_shapes', 'shared_params', 'frozen_param_fragments', 'lr_scheduler', 'data_sampler', 'random_ltd', 'sparse_tensor_module_names', 'skipped_steps', 'global_steps', 'global_samples', 'dp_world_size', 'mp_world_size', 'ds_config', 'ds_version', 'step']
DEBUG: Computing perplexity for checkpoint stage0_step90...
DEBUG: Perplexity for checkpoint stage0_step60: 38087.18
DEBUG: Generating sample response for checkpoint stage0_step60...
DEBUG: Generated sample for checkpoint stage0_step60:
Error: Empty input_ids produced during tokenization.

DEBUG: Perplexity for checkpoint stage0_step80: 31761.99
DEBUG: Generating sample response for checkpoint stage0_step80...
DEBUG: Generated sample for checkpoint stage0_step80:
Error: Empty input_ids produced during tokenization.

DEBUG: Perplexity for checkpoint stage0_step70: 35526.00
DEBUG: Generating sample response for checkpoint stage0_step70...
DEBUG: Generated sample for checkpoint stage0_step70:
Error: Empty input_ids produced during tokenization.

DEBUG: Perplexity for checkpoint stage0_step90: 30333.04
DEBUG: Generating sample response for checkpoint stage0_step90...
DEBUG: Generated sample for checkpoint stage0_step90:
Error: Empty input_ids produced during tokenization.

node5:845940:845940 [0] NCCL INFO NCCL_SOCKET_IFNAME set by environment to eno1
node5:845940:845940 [0] NCCL INFO Bootstrap : Using eno1:192.168.1.6<0>
node5:845940:845940 [0] NCCL INFO NET/Plugin: No plugin found (libnccl-net.so)
node5:845940:845940 [0] NCCL INFO NET/Plugin: Plugin load returned 2 : libnccl-net.so: cannot open shared object file: No such file or directory : when loading libnccl-net.so
node5:845940:845940 [0] NCCL INFO NET/Plugin: Using internal network plugin.
node5:845940:845940 [0] NCCL INFO cudaDriverVersion 12040
NCCL version 2.21.5+cuda12.4
node8:3193222:3193222 [0] NCCL INFO cudaDriverVersion 12040
node8:3193222:3193222 [0] NCCL INFO NCCL_SOCKET_IFNAME set by environment to eno1
node7:3936571:3936571 [0] NCCL INFO cudaDriverVersion 12040
node7:3936571:3936571 [0] NCCL INFO NCCL_SOCKET_IFNAME set by environment to eno1
node8:3193222:3193222 [0] NCCL INFO Bootstrap : Using eno1:192.168.1.9<0>
node7:3936571:3936571 [0] NCCL INFO Bootstrap : Using eno1:192.168.1.8<0>
node6:372584:372584 [0] NCCL INFO cudaDriverVersion 12040
node6:372584:372584 [0] NCCL INFO NCCL_SOCKET_IFNAME set by environment to eno1
node6:372584:372584 [0] NCCL INFO Bootstrap : Using eno1:192.168.1.7<0>
node8:3193222:3193222 [0] NCCL INFO NET/Plugin: No plugin found (libnccl-net.so)
node8:3193222:3193222 [0] NCCL INFO NET/Plugin: Plugin load returned 2 : libnccl-net.so: cannot open shared object file: No such file or directory : when loading libnccl-net.so
node8:3193222:3193222 [0] NCCL INFO NET/Plugin: Using internal network plugin.
node7:3936571:3936571 [0] NCCL INFO NET/Plugin: No plugin found (libnccl-net.so)
node7:3936571:3936571 [0] NCCL INFO NET/Plugin: Plugin load returned 2 : libnccl-net.so: cannot open shared object file: No such file or directory : when loading libnccl-net.so
node7:3936571:3936571 [0] NCCL INFO NET/Plugin: Using internal network plugin.
node6:372584:372584 [0] NCCL INFO NET/Plugin: No plugin found (libnccl-net.so)
node6:372584:372584 [0] NCCL INFO NET/Plugin: Plugin load returned 2 : libnccl-net.so: cannot open shared object file: No such file or directory : when loading libnccl-net.so
node6:372584:372584 [0] NCCL INFO NET/Plugin: Using internal network plugin.
node6:372584:373694 [0] NCCL INFO NCCL_SOCKET_IFNAME set by environment to eno1
node6:372584:373694 [0] NCCL INFO NET/IB : No device found.
node6:372584:373694 [0] NCCL INFO NCCL_SOCKET_IFNAME set by environment to eno1
node6:372584:373694 [0] NCCL INFO NET/Socket : Using [0]eno1:192.168.1.7<0>
node6:372584:373694 [0] NCCL INFO Using non-device net plugin version 0
node6:372584:373694 [0] NCCL INFO Using network Socket
node5:845940:847197 [0] NCCL INFO NCCL_SOCKET_IFNAME set by environment to eno1
node5:845940:847197 [0] NCCL INFO NET/IB : No device found.
node5:845940:847197 [0] NCCL INFO NCCL_SOCKET_IFNAME set by environment to eno1
node5:845940:847197 [0] NCCL INFO NET/Socket : Using [0]eno1:192.168.1.6<0>
node5:845940:847197 [0] NCCL INFO Using non-device net plugin version 0
node5:845940:847197 [0] NCCL INFO Using network Socket
node7:3936571:3936970 [0] NCCL INFO NCCL_SOCKET_IFNAME set by environment to eno1
node7:3936571:3936970 [0] NCCL INFO NET/IB : No device found.
node7:3936571:3936970 [0] NCCL INFO NCCL_SOCKET_IFNAME set by environment to eno1
node7:3936571:3936970 [0] NCCL INFO NET/Socket : Using [0]eno1:192.168.1.8<0>
node7:3936571:3936970 [0] NCCL INFO Using non-device net plugin version 0
node7:3936571:3936970 [0] NCCL INFO Using network Socket
node8:3193222:3193624 [0] NCCL INFO NCCL_SOCKET_IFNAME set by environment to eno1
node8:3193222:3193624 [0] NCCL INFO NET/IB : No device found.
node8:3193222:3193624 [0] NCCL INFO NCCL_SOCKET_IFNAME set by environment to eno1
node8:3193222:3193624 [0] NCCL INFO NET/Socket : Using [0]eno1:192.168.1.9<0>
node8:3193222:3193624 [0] NCCL INFO Using non-device net plugin version 0
node8:3193222:3193624 [0] NCCL INFO Using network Socket
node5:845940:847197 [0] NCCL INFO ncclCommInitRank comm 0x1fdca400 rank 0 nranks 4 cudaDev 0 nvmlDev 0 busId 18000 commId 0x218a7b0aa145e7cf - Init START
node7:3936571:3936970 [0] NCCL INFO ncclCommInitRank comm 0x1eaa3f80 rank 2 nranks 4 cudaDev 0 nvmlDev 0 busId 18000 commId 0x218a7b0aa145e7cf - Init START
node6:372584:373694 [0] NCCL INFO ncclCommInitRank comm 0x20120bd0 rank 1 nranks 4 cudaDev 0 nvmlDev 0 busId 18000 commId 0x218a7b0aa145e7cf - Init START
node8:3193222:3193624 [0] NCCL INFO ncclCommInitRank comm 0x1e8abf90 rank 3 nranks 4 cudaDev 0 nvmlDev 0 busId 18000 commId 0x218a7b0aa145e7cf - Init START
node6:372584:373694 [0] NCCL INFO Setting affinity for GPU 0 to ff,ffffffff,ffffffff
node7:3936571:3936970 [0] NCCL INFO Setting affinity for GPU 0 to ff,ffffffff,ffffffff
node8:3193222:3193624 [0] NCCL INFO Setting affinity for GPU 0 to ff,ffffffff,ffffffff
node5:845940:847197 [0] NCCL INFO Setting affinity for GPU 0 to ff,ffffffff,ffffffff
node8:3193222:3193624 [0] NCCL INFO comm 0x1e8abf90 rank 3 nRanks 4 nNodes 4 localRanks 1 localRank 0 MNNVL 0
node8:3193222:3193624 [0] NCCL INFO Trees [0] -1/-1/-1->3->2 [1] 1/-1/-1->3->-1
node8:3193222:3193624 [0] NCCL INFO P2P Chunksize set to 131072
node5:845940:847197 [0] NCCL INFO comm 0x1fdca400 rank 0 nRanks 4 nNodes 4 localRanks 1 localRank 0 MNNVL 0
node7:3936571:3936970 [0] NCCL INFO comm 0x1eaa3f80 rank 2 nRanks 4 nNodes 4 localRanks 1 localRank 0 MNNVL 0
node6:372584:373694 [0] NCCL INFO comm 0x20120bd0 rank 1 nRanks 4 nNodes 4 localRanks 1 localRank 0 MNNVL 0
node5:845940:847197 [0] NCCL INFO Channel 00/02 :    0   1   2   3
node5:845940:847197 [0] NCCL INFO Channel 01/02 :    0   1   2   3
node7:3936571:3936970 [0] NCCL INFO Trees [0] 1/3/-1->2->0 [1] -1/-1/-1->2->1
node6:372584:373694 [0] NCCL INFO Trees [0] -1/-1/-1->1->2 [1] 2/0/-1->1->3
node6:372584:373694 [0] NCCL INFO P2P Chunksize set to 131072
node5:845940:847197 [0] NCCL INFO Trees [0] 2/-1/-1->0->-1 [1] -1/-1/-1->0->1
node7:3936571:3936970 [0] NCCL INFO P2P Chunksize set to 131072
node5:845940:847197 [0] NCCL INFO P2P Chunksize set to 131072
node7:3936571:3936970 [0] NCCL INFO Channel 00/0 : 1[0] -> 2[0] [receive] via NET/Socket/0
node7:3936571:3936970 [0] NCCL INFO Channel 01/0 : 1[0] -> 2[0] [receive] via NET/Socket/0
node6:372584:373694 [0] NCCL INFO Channel 00/0 : 0[0] -> 1[0] [receive] via NET/Socket/0
node7:3936571:3936970 [0] NCCL INFO Channel 00/0 : 2[0] -> 3[0] [send] via NET/Socket/0
node7:3936571:3936970 [0] NCCL INFO Channel 01/0 : 2[0] -> 3[0] [send] via NET/Socket/0
node6:372584:373694 [0] NCCL INFO Channel 01/0 : 0[0] -> 1[0] [receive] via NET/Socket/0
node6:372584:373694 [0] NCCL INFO Channel 00/0 : 1[0] -> 2[0] [send] via NET/Socket/0
node8:3193222:3193624 [0] NCCL INFO Channel 00/0 : 2[0] -> 3[0] [receive] via NET/Socket/0
node5:845940:847197 [0] NCCL INFO Channel 00/0 : 3[0] -> 0[0] [receive] via NET/Socket/0
node5:845940:847197 [0] NCCL INFO Channel 01/0 : 3[0] -> 0[0] [receive] via NET/Socket/0
node6:372584:373694 [0] NCCL INFO Channel 01/0 : 1[0] -> 2[0] [send] via NET/Socket/0
node8:3193222:3193624 [0] NCCL INFO Channel 01/0 : 2[0] -> 3[0] [receive] via NET/Socket/0
node8:3193222:3193624 [0] NCCL INFO Channel 00/0 : 3[0] -> 0[0] [send] via NET/Socket/0
node5:845940:847197 [0] NCCL INFO Channel 00/0 : 0[0] -> 1[0] [send] via NET/Socket/0
node8:3193222:3193624 [0] NCCL INFO Channel 01/0 : 3[0] -> 0[0] [send] via NET/Socket/0
node5:845940:847197 [0] NCCL INFO Channel 01/0 : 0[0] -> 1[0] [send] via NET/Socket/0
node7:3936571:3936970 [0] NCCL INFO Connected all rings
node7:3936571:3936970 [0] NCCL INFO Channel 00/0 : 0[0] -> 2[0] [receive] via NET/Socket/0
node7:3936571:3936970 [0] NCCL INFO Channel 00/0 : 2[0] -> 0[0] [send] via NET/Socket/0
node6:372584:373694 [0] NCCL INFO Connected all rings
node5:845940:847197 [0] NCCL INFO Connected all rings
node6:372584:373694 [0] NCCL INFO Channel 01/0 : 3[0] -> 1[0] [receive] via NET/Socket/0
node5:845940:847197 [0] NCCL INFO Channel 00/0 : 2[0] -> 0[0] [receive] via NET/Socket/0
node6:372584:373694 [0] NCCL INFO Channel 01/0 : 1[0] -> 3[0] [send] via NET/Socket/0
node8:3193222:3193624 [0] NCCL INFO Connected all rings
node8:3193222:3193624 [0] NCCL INFO Channel 01/0 : 1[0] -> 3[0] [receive] via NET/Socket/0
node8:3193222:3193624 [0] NCCL INFO Channel 01/0 : 3[0] -> 1[0] [send] via NET/Socket/0
node5:845940:847197 [0] NCCL INFO Channel 00/0 : 0[0] -> 2[0] [send] via NET/Socket/0
node5:845940:847197 [0] NCCL INFO Channel 01/0 : 1[0] -> 0[0] [receive] via NET/Socket/0
node7:3936571:3936970 [0] NCCL INFO Channel 00/0 : 3[0] -> 2[0] [receive] via NET/Socket/0
node8:3193222:3193624 [0] NCCL INFO Channel 00/0 : 3[0] -> 2[0] [send] via NET/Socket/0
node7:3936571:3936970 [0] NCCL INFO Channel 00/0 : 2[0] -> 1[0] [send] via NET/Socket/0
node6:372584:373694 [0] NCCL INFO Channel 00/0 : 2[0] -> 1[0] [receive] via NET/Socket/0
node7:3936571:3936970 [0] NCCL INFO Channel 01/0 : 2[0] -> 1[0] [send] via NET/Socket/0
node6:372584:373694 [0] NCCL INFO Channel 01/0 : 2[0] -> 1[0] [receive] via NET/Socket/0
node6:372584:373694 [0] NCCL INFO Channel 01/0 : 1[0] -> 0[0] [send] via NET/Socket/0
node5:845940:847197 [0] NCCL INFO Connected all trees
node6:372584:373694 [0] NCCL INFO Connected all trees
node5:845940:847197 [0] NCCL INFO threadThresholds 8/8/64 | 32/8/64 | 512 | 512
node5:845940:847197 [0] NCCL INFO 2 coll channels, 2 collnet channels, 0 nvls channels, 2 p2p channels, 2 p2p channels per peer
node7:3936571:3936970 [0] NCCL INFO Connected all trees
node6:372584:373694 [0] NCCL INFO threadThresholds 8/8/64 | 32/8/64 | 512 | 512
node6:372584:373694 [0] NCCL INFO 2 coll channels, 2 collnet channels, 0 nvls channels, 2 p2p channels, 2 p2p channels per peer
node7:3936571:3936970 [0] NCCL INFO threadThresholds 8/8/64 | 32/8/64 | 512 | 512
node7:3936571:3936970 [0] NCCL INFO 2 coll channels, 2 collnet channels, 0 nvls channels, 2 p2p channels, 2 p2p channels per peer
node8:3193222:3193624 [0] NCCL INFO Connected all trees
node8:3193222:3193624 [0] NCCL INFO threadThresholds 8/8/64 | 32/8/64 | 512 | 512
node8:3193222:3193624 [0] NCCL INFO 2 coll channels, 2 collnet channels, 0 nvls channels, 2 p2p channels, 2 p2p channels per peer
node6:372584:373694 [0] NCCL INFO TUNER/Plugin: Plugin load returned 11 : libnccl-net.so: cannot open shared object file: No such file or directory : when loading libnccl-tuner.so
node6:372584:373694 [0] NCCL INFO TUNER/Plugin: Using internal tuner plugin.
node6:372584:373694 [0] NCCL INFO ncclCommInitRank comm 0x20120bd0 rank 1 nranks 4 cudaDev 0 nvmlDev 0 busId 18000 commId 0x218a7b0aa145e7cf - Init COMPLETE
node7:3936571:3936970 [0] NCCL INFO TUNER/Plugin: Plugin load returned 11 : libnccl-net.so: cannot open shared object file: No such file or directory : when loading libnccl-tuner.so
node7:3936571:3936970 [0] NCCL INFO TUNER/Plugin: Using internal tuner plugin.
node7:3936571:3936970 [0] NCCL INFO ncclCommInitRank comm 0x1eaa3f80 rank 2 nranks 4 cudaDev 0 nvmlDev 0 busId 18000 commId 0x218a7b0aa145e7cf - Init COMPLETE
node8:3193222:3193624 [0] NCCL INFO TUNER/Plugin: Plugin load returned 11 : libnccl-net.so: cannot open shared object file: No such file or directory : when loading libnccl-tuner.so
node8:3193222:3193624 [0] NCCL INFO TUNER/Plugin: Using internal tuner plugin.
node8:3193222:3193624 [0] NCCL INFO ncclCommInitRank comm 0x1e8abf90 rank 3 nranks 4 cudaDev 0 nvmlDev 0 busId 18000 commId 0x218a7b0aa145e7cf - Init COMPLETE
node5:845940:847197 [0] NCCL INFO TUNER/Plugin: Plugin load returned 11 : libnccl-net.so: cannot open shared object file: No such file or directory : when loading libnccl-tuner.so
node5:845940:847197 [0] NCCL INFO TUNER/Plugin: Using internal tuner plugin.
node5:845940:847197 [0] NCCL INFO ncclCommInitRank comm 0x1fdca400 rank 0 nranks 4 cudaDev 0 nvmlDev 0 busId 18000 commId 0x218a7b0aa145e7cf - Init COMPLETE
Part 2 Complete! Execution Time (this rank): 670.10s
node6:372584:373695 [0] NCCL INFO [Service thread] Connection closed by localRank 0
Part 2 Complete! Execution Time (this rank): 669.66s
node7:3936571:3936971 [0] NCCL INFO [Service thread] Connection closed by localRank 0
Part 2 Complete! Execution Time (this rank): 670.22s
node8:3193222:3193625 [0] NCCL INFO [Service thread] Connection closed by localRank 0

DEBUG: Evaluation complete. Results saved to /scratch/chethan1/SSDS/llm_training/outputs/stage_0/checkpoints/2026-04-14/02-17-44/perplexity_results.json
  stage0_step10: PPL = 57924.25
  stage0_step20: PPL = 57887.68
  stage0_step30: PPL = 54915.56
  stage0_step40: PPL = 45375.25
  stage0_step50: PPL = 41330.89
  stage0_step60: PPL = 38087.18
  stage0_step70: PPL = 35526.00
  stage0_step80: PPL = 31761.99
  stage0_step90: PPL = 30333.04
Part 2 Complete! Execution Time (this rank): 669.69s
node5:845940:847198 [0] NCCL INFO [Service thread] Connection closed by localRank 0
node6:372584:373698 [0] NCCL INFO comm 0x20120bd0 rank 1 nranks 4 cudaDev 0 busId 18000 - Abort COMPLETE
exiting...
node7:3936571:3936974 [0] NCCL INFO comm 0x1eaa3f80 rank 2 nranks 4 cudaDev 0 busId 18000 - Abort COMPLETE
exiting...
node8:3193222:3193628 [0] NCCL INFO comm 0x1e8abf90 rank 3 nranks 4 cudaDev 0 busId 18000 - Abort COMPLETE
exiting...
node5:845940:847201 [0] NCCL INFO comm 0x1fdca400 rank 0 nranks 4 cudaDev 0 busId 18000 - Abort COMPLETE
exiting...

